[2026-09-30T06:31:11+00:00] device=mps hardware=Apple M4 integrated GPU via Apple MPS torch=2.14.0
[2026-09-30T06:31:12+00:00] scrub: train 560000 -> 560000, test 38000 -> 38000
[2026-09-30T06:31:12+00:00] vocab size 8058 (cap 30000, min_freq 2)
[2026-09-30T06:31:13+00:00] stats={"n_train": 4000, "n_val": 1000, "n_test": 10000, "vocab_size": 8058, "max_len": 250, "train_class_counts": {"0": 1996, "1": 2004}, "test_class_counts": {"0": 5000, "1": 5000}, "token_length_mean": 68.3545, "token_length_median": 50.0, "token_length_p90": 146.0, "token_length_max": 640, "length_quantiles_33_66": [33.0, 72.0], "test_oov_token_rate": 0.04191793568706047, "test_truncation_rate_sample": 0.022, "stopwords_removed": 179, "negations_retained": true}
[2026-09-30T06:31:13+00:00] preprocessing took 1.8s
[2026-09-30T06:31:13+00:00] --- baseline_bow: mean-pooled embeddings (dim 128) -> MLP [256] -> 1 logit; dropout 0.3; 1,064,705 params
[2026-09-30T06:31:14+00:00] baseline_bow epoch=1 step=0/16 loss=0.6964
[2026-09-30T06:31:14+00:00] baseline_bow EPOCH 1 train_loss=0.6914 val_loss=0.6852 val_macro_f1=0.8420
[2026-09-30T06:31:14+00:00] --- exp1_bilstm: embeddings (dim 200) -> biLSTM hidden 192 x1 -> [mean; max] pool -> 1 logit; dropout 0.4; 2,217,553 params
[2026-09-30T06:31:15+00:00] exp1_bilstm epoch=1 step=0/32 loss=0.6948
[2026-09-30T06:31:32+00:00] exp1_bilstm EPOCH 1 train_loss=0.6422 val_loss=0.4454 val_macro_f1=0.8041
[2026-09-30T06:31:38+00:00] --- exp2_textcnn: embeddings (dim 160) -> Conv1d kernels [2, 3, 4, 5] x128 filters -> global max pool -> 1 logit; dropout 0.5; 1,577,025 params
[2026-09-30T06:31:38+00:00] exp2_textcnn epoch=1 step=0/16 loss=0.6954
[2026-09-30T06:31:40+00:00] exp2_textcnn EPOCH 1 train_loss=0.6695 val_loss=0.6232 val_macro_f1=0.6162
[2026-09-30T06:31:41+00:00] baseline_bow: acc=0.8076 macroF1=0.8076 ROC-AUC=0.8833 PR-AUC=0.8763 MCC=0.6155 Brier=0.2462 ECEconf=0.3028 ECEpos=0.0008
[2026-09-30T06:31:41+00:00] exp1_bilstm: acc=0.7875 macroF1=0.7863 ROC-AUC=0.8498 PR-AUC=0.8165 MCC=0.5815 Brier=0.1571 ECEconf=0.0310 ECEpos=0.0588
[2026-09-30T06:31:41+00:00] exp2_textcnn: acc=0.6561 macroF1=0.6189 ROC-AUC=0.8365 PR-AUC=0.8321 MCC=0.3999 Brier=0.2193 ECEconf=0.1133 ECEpos=0.1985
[2026-09-30T06:31:41+00:00] McNemar baseline_bow vs exp1_bilstm: only_a=1035 only_b=834 chi-square (continuity corrected) p=3.724e-06
[2026-09-30T06:31:41+00:00] McNemar baseline_bow vs exp2_textcnn: only_a=2309 only_b=794 chi-square (continuity corrected) p=1.148e-162
[2026-09-30T06:31:41+00:00] wrote task2_sentiment/shriram_dundigalla/outputs/seed_sweep/seed_9015/outputs/smoke/metrics_report.csv
