[2026-09-28T20:42:06+00:00] device=mps (Apple MPS (arm)) torch=2.14.0
[2026-09-28T20:42:06+00:00] config={"data": {"stories_jsonl": "task1_llm/data/tinystories_train_first20000.jsonl", "block_size": 128, "n_train_windows": 100000, "n_val_windows": 10000, "val_story_frac": 0.1}, "model": {"n_layer": 6, "n_head": 8, "d_model": 256, "d_ff_mult": 4, "dropout": 0.1}, "train": {"epochs": 12, "batch_size": 128, "lr": 0.0003, "min_lr_frac": 0.1, "warmup_frac": 0.03, "weight_decay": 0.1, "betas": [0.9, 0.95], "grad_clip": 1.0, "log_every": 50, "num_workers": 0}}
[2026-09-28T20:42:07+00:00] stories train/val=18000/2000 chars train/val=16172268/1758634 vocab=98 windows train/val=100000/10000
[2026-09-28T20:42:07+00:00] parameters=4,822,016
[2026-09-28T20:42:07+00:00] optimizer=AdamW decay_tensors=25 nodecay_tensors=52
[2026-09-28T20:42:07+00:00] steps_per_epoch=781 total_steps=9372 warmup_steps=281
[2026-09-28T20:42:08+00:00] epoch=1 step=0/9372 loss=4.6952 grad_norm=11.053 lr=1.07e-06
[2026-09-28T20:42:31+00:00] epoch=1 step=50/9372 loss=3.0012 grad_norm=1.569 lr=5.44e-05
[2026-09-28T20:42:54+00:00] epoch=1 step=100/9372 loss=2.5460 grad_norm=0.854 lr=1.08e-04
[2026-09-28T20:43:19+00:00] epoch=1 step=150/9372 loss=2.3574 grad_norm=0.877 lr=1.61e-04
[2026-09-28T20:43:44+00:00] epoch=1 step=200/9372 loss=2.2189 grad_norm=1.033 lr=2.15e-04
[2026-09-28T20:44:09+00:00] epoch=1 step=250/9372 loss=2.1259 grad_norm=1.228 lr=2.68e-04
[2026-09-28T20:44:34+00:00] epoch=1 step=300/9372 loss=2.0056 grad_norm=1.380 lr=3.00e-04
[2026-09-28T20:45:00+00:00] epoch=1 step=350/9372 loss=1.8864 grad_norm=1.157 lr=3.00e-04
[2026-09-28T20:45:27+00:00] epoch=1 step=400/9372 loss=1.7579 grad_norm=1.324 lr=3.00e-04
[2026-09-28T20:45:53+00:00] epoch=1 step=450/9372 loss=1.6805 grad_norm=1.764 lr=3.00e-04
[2026-09-28T20:46:20+00:00] epoch=1 step=500/9372 loss=1.5785 grad_norm=1.365 lr=3.00e-04
[2026-09-28T20:46:47+00:00] epoch=1 step=550/9372 loss=1.5259 grad_norm=1.505 lr=2.99e-04
[2026-09-28T20:47:14+00:00] epoch=1 step=600/9372 loss=1.4500 grad_norm=1.288 lr=2.99e-04
[2026-09-28T20:47:41+00:00] epoch=1 step=650/9372 loss=1.3811 grad_norm=1.411 lr=2.99e-04
[2026-09-28T20:48:08+00:00] epoch=1 step=700/9372 loss=1.3471 grad_norm=1.324 lr=2.99e-04
[2026-09-28T20:48:36+00:00] epoch=1 step=750/9372 loss=1.2774 grad_norm=1.312 lr=2.98e-04
[2026-09-28T20:49:06+00:00] EPOCH 1 train_ce=1.9443 val_ce=1.2018 val_ppl=3.326 val_bpc=1.7338 val_top1=0.6280 secs=418.9 tokens_per_sec=30,548
[2026-09-28T20:49:17+00:00] epoch=2 step=800/9372 loss=1.2952 grad_norm=1.209 lr=2.98e-04
[2026-09-28T20:49:45+00:00] epoch=2 step=850/9372 loss=1.2486 grad_norm=1.049 lr=2.97e-04
[2026-09-28T20:50:13+00:00] epoch=2 step=900/9372 loss=1.2230 grad_norm=1.119 lr=2.97e-04
[2026-09-28T20:50:41+00:00] epoch=2 step=950/9372 loss=1.1912 grad_norm=1.112 lr=2.96e-04
[2026-09-28T20:51:09+00:00] epoch=2 step=1000/9372 loss=1.1586 grad_norm=1.099 lr=2.96e-04
[2026-09-28T20:51:37+00:00] epoch=2 step=1050/9372 loss=1.1425 grad_norm=1.048 lr=2.95e-04
[2026-09-28T20:52:06+00:00] epoch=2 step=1100/9372 loss=1.1592 grad_norm=1.115 lr=2.95e-04
[2026-09-28T20:52:35+00:00] epoch=2 step=1150/9372 loss=1.1240 grad_norm=0.941 lr=2.94e-04
[2026-09-28T20:53:04+00:00] epoch=2 step=1200/9372 loss=1.0958 grad_norm=0.907 lr=2.93e-04
[2026-09-28T20:53:36+00:00] epoch=2 step=1250/9372 loss=1.0925 grad_norm=0.995 lr=2.93e-04
[2026-09-28T20:54:07+00:00] epoch=2 step=1300/9372 loss=1.0975 grad_norm=0.915 lr=2.92e-04
[2026-09-28T20:54:38+00:00] epoch=2 step=1350/9372 loss=1.0543 grad_norm=0.921 lr=2.91e-04
[2026-09-28T20:55:09+00:00] epoch=2 step=1400/9372 loss=1.0677 grad_norm=0.937 lr=2.90e-04
[2026-09-28T20:55:40+00:00] epoch=2 step=1450/9372 loss=1.0582 grad_norm=0.914 lr=2.89e-04
[2026-09-28T20:56:11+00:00] epoch=2 step=1500/9372 loss=1.0418 grad_norm=0.923 lr=2.88e-04
[2026-09-28T20:56:43+00:00] epoch=2 step=1550/9372 loss=1.0058 grad_norm=0.808 lr=2.87e-04
[2026-09-28T20:57:05+00:00] EPOCH 2 train_ce=1.1271 val_ce=0.9731 val_ppl=2.646 val_bpc=1.4039 val_top1=0.6954 secs=478.9 tokens_per_sec=26,720
[2026-09-28T20:57:30+00:00] epoch=3 step=1600/9372 loss=1.0155 grad_norm=0.796 lr=2.86e-04
[2026-09-28T20:58:02+00:00] epoch=3 step=1650/9372 loss=0.9951 grad_norm=0.768 lr=2.85e-04
[2026-09-28T20:58:34+00:00] epoch=3 step=1700/9372 loss=0.9833 grad_norm=0.774 lr=2.84e-04
[2026-09-28T20:59:06+00:00] epoch=3 step=1750/9372 loss=1.0333 grad_norm=0.788 lr=2.83e-04
[2026-09-28T20:59:38+00:00] epoch=3 step=1800/9372 loss=0.9755 grad_norm=0.743 lr=2.82e-04
[2026-09-28T21:00:10+00:00] epoch=3 step=1850/9372 loss=0.9907 grad_norm=0.765 lr=2.81e-04
[2026-09-28T21:00:42+00:00] epoch=3 step=1900/9372 loss=1.0001 grad_norm=0.768 lr=2.79e-04
[2026-09-28T21:01:14+00:00] epoch=3 step=1950/9372 loss=0.9435 grad_norm=0.756 lr=2.78e-04
[2026-09-28T21:01:45+00:00] epoch=3 step=2000/9372 loss=0.9765 grad_norm=0.735 lr=2.77e-04
[2026-09-28T21:02:17+00:00] epoch=3 step=2050/9372 loss=0.9596 grad_norm=0.711 lr=2.76e-04
[2026-09-28T21:02:48+00:00] epoch=3 step=2100/9372 loss=0.9628 grad_norm=0.743 lr=2.74e-04
[2026-09-28T21:03:20+00:00] epoch=3 step=2150/9372 loss=0.9574 grad_norm=0.690 lr=2.73e-04
[2026-09-28T21:03:51+00:00] epoch=3 step=2200/9372 loss=0.9480 grad_norm=0.727 lr=2.71e-04
[2026-09-28T21:04:23+00:00] epoch=3 step=2250/9372 loss=0.9420 grad_norm=0.704 lr=2.70e-04
[2026-09-28T21:04:55+00:00] epoch=3 step=2300/9372 loss=0.9246 grad_norm=0.652 lr=2.68e-04
[2026-09-28T21:05:37+00:00] EPOCH 3 train_ce=0.9751 val_ce=0.8917 val_ppl=2.439 val_bpc=1.2864 val_top1=0.7193 secs=512.3 tokens_per_sec=24,976
[2026-09-28T21:05:43+00:00] epoch=4 step=2350/9372 loss=0.9393 grad_norm=0.681 lr=2.67e-04
[2026-09-28T21:06:15+00:00] epoch=4 step=2400/9372 loss=0.9505 grad_norm=0.714 lr=2.65e-04
[2026-09-28T21:06:46+00:00] epoch=4 step=2450/9372 loss=0.9457 grad_norm=0.663 lr=2.64e-04
[2026-09-28T21:07:18+00:00] epoch=4 step=2500/9372 loss=0.9220 grad_norm=0.678 lr=2.62e-04
[2026-09-28T21:07:50+00:00] epoch=4 step=2550/9372 loss=0.9186 grad_norm=0.675 lr=2.61e-04
[2026-09-28T21:08:21+00:00] epoch=4 step=2600/9372 loss=0.9184 grad_norm=0.651 lr=2.59e-04
[2026-09-28T21:08:53+00:00] epoch=4 step=2650/9372 loss=0.9072 grad_norm=0.642 lr=2.57e-04
[2026-09-28T21:09:27+00:00] epoch=4 step=2700/9372 loss=0.9125 grad_norm=0.639 lr=2.56e-04
[2026-09-28T21:10:02+00:00] epoch=4 step=2750/9372 loss=0.8843 grad_norm=0.639 lr=2.54e-04
[2026-09-28T21:10:37+00:00] epoch=4 step=2800/9372 loss=0.8998 grad_norm=0.619 lr=2.52e-04
[2026-09-28T21:11:09+00:00] epoch=4 step=2850/9372 loss=0.9121 grad_norm=0.631 lr=2.50e-04
[2026-09-28T21:11:41+00:00] epoch=4 step=2900/9372 loss=0.9191 grad_norm=0.643 lr=2.48e-04
[2026-09-28T21:12:13+00:00] epoch=4 step=2950/9372 loss=0.8940 grad_norm=0.600 lr=2.47e-04
[2026-09-28T21:12:46+00:00] epoch=4 step=3000/9372 loss=0.8882 grad_norm=0.592 lr=2.45e-04
[2026-09-28T21:13:18+00:00] epoch=4 step=3050/9372 loss=0.8673 grad_norm=0.600 lr=2.43e-04
[2026-09-28T21:13:51+00:00] epoch=4 step=3100/9372 loss=0.9035 grad_norm=0.657 lr=2.41e-04
[2026-09-28T21:14:22+00:00] EPOCH 4 train_ce=0.9075 val_ce=0.8475 val_ppl=2.334 val_bpc=1.2227 val_top1=0.7319 secs=524.9 tokens_per_sec=24,378
[2026-09-28T21:14:40+00:00] epoch=5 step=3150/9372 loss=0.8875 grad_norm=0.625 lr=2.39e-04
[2026-09-28T21:15:13+00:00] epoch=5 step=3200/9372 loss=0.9035 grad_norm=0.624 lr=2.37e-04
[2026-09-28T21:15:47+00:00] epoch=5 step=3250/9372 loss=0.8727 grad_norm=0.592 lr=2.35e-04
[2026-09-28T21:16:20+00:00] epoch=5 step=3300/9372 loss=0.8706 grad_norm=0.574 lr=2.33e-04
[2026-09-28T21:16:53+00:00] epoch=5 step=3350/9372 loss=0.8685 grad_norm=0.654 lr=2.31e-04
[2026-09-28T21:17:26+00:00] epoch=5 step=3400/9372 loss=0.8731 grad_norm=0.613 lr=2.29e-04
[2026-09-28T21:17:59+00:00] epoch=5 step=3450/9372 loss=0.8842 grad_norm=0.704 lr=2.27e-04
[2026-09-28T21:18:32+00:00] epoch=5 step=3500/9372 loss=0.8446 grad_norm=0.563 lr=2.25e-04
[2026-09-28T21:19:05+00:00] epoch=5 step=3550/9372 loss=0.8534 grad_norm=0.578 lr=2.23e-04
[2026-09-28T21:19:38+00:00] epoch=5 step=3600/9372 loss=0.8727 grad_norm=0.566 lr=2.21e-04
[2026-09-28T21:20:11+00:00] epoch=5 step=3650/9372 loss=0.8528 grad_norm=0.592 lr=2.18e-04
[2026-09-28T21:20:44+00:00] epoch=5 step=3700/9372 loss=0.8665 grad_norm=0.564 lr=2.16e-04
[2026-09-28T21:21:17+00:00] epoch=5 step=3750/9372 loss=0.8468 grad_norm=0.566 lr=2.14e-04
[2026-09-28T21:21:49+00:00] epoch=5 step=3800/9372 loss=0.8649 grad_norm=0.579 lr=2.12e-04
[2026-09-28T21:22:22+00:00] epoch=5 step=3850/9372 loss=0.8593 grad_norm=0.580 lr=2.10e-04
[2026-09-28T21:22:54+00:00] epoch=5 step=3900/9372 loss=0.8686 grad_norm=0.582 lr=2.07e-04
[2026-09-28T21:23:13+00:00] EPOCH 5 train_ce=0.8662 val_ce=0.8192 val_ppl=2.269 val_bpc=1.1818 val_top1=0.7409 secs=530.7 tokens_per_sec=24,110
[2026-09-28T21:23:43+00:00] epoch=6 step=3950/9372 loss=0.8340 grad_norm=0.537 lr=2.05e-04
[2026-09-28T21:24:15+00:00] epoch=6 step=4000/9372 loss=0.8435 grad_norm=0.574 lr=2.03e-04
[2026-09-28T21:24:48+00:00] epoch=6 step=4050/9372 loss=0.8421 grad_norm=0.570 lr=2.01e-04
[2026-09-28T21:25:20+00:00] epoch=6 step=4100/9372 loss=0.8767 grad_norm=0.607 lr=1.99e-04
[2026-09-28T21:25:53+00:00] epoch=6 step=4150/9372 loss=0.8539 grad_norm=0.577 lr=1.96e-04
[2026-09-28T21:26:25+00:00] epoch=6 step=4200/9372 loss=0.8440 grad_norm=0.550 lr=1.94e-04
[2026-09-28T21:26:58+00:00] epoch=6 step=4250/9372 loss=0.8257 grad_norm=0.568 lr=1.92e-04
[2026-09-28T21:27:30+00:00] epoch=6 step=4300/9372 loss=0.8247 grad_norm=0.549 lr=1.89e-04
[2026-09-28T21:28:02+00:00] epoch=6 step=4350/9372 loss=0.8303 grad_norm=0.551 lr=1.87e-04
[2026-09-28T21:28:34+00:00] epoch=6 step=4400/9372 loss=0.8386 grad_norm=0.578 lr=1.85e-04
[2026-09-28T21:29:06+00:00] epoch=6 step=4450/9372 loss=0.8574 grad_norm=0.564 lr=1.83e-04
[2026-09-28T21:29:38+00:00] epoch=6 step=4500/9372 loss=0.8566 grad_norm=0.560 lr=1.80e-04
[2026-09-28T21:30:11+00:00] epoch=6 step=4550/9372 loss=0.8252 grad_norm=0.573 lr=1.78e-04
[2026-09-28T21:30:43+00:00] epoch=6 step=4600/9372 loss=0.8126 grad_norm=0.542 lr=1.76e-04
[2026-09-28T21:31:15+00:00] epoch=6 step=4650/9372 loss=0.8293 grad_norm=0.541 lr=1.73e-04
[2026-09-28T21:31:54+00:00] EPOCH 6 train_ce=0.8368 val_ce=0.7993 val_ppl=2.224 val_bpc=1.1531 val_top1=0.7472 secs=520.7 tokens_per_sec=24,575
[2026-09-28T21:32:03+00:00] epoch=7 step=4700/9372 loss=0.8072 grad_norm=0.541 lr=1.71e-04
[2026-09-28T21:32:36+00:00] epoch=7 step=4750/9372 loss=0.8329 grad_norm=0.572 lr=1.69e-04
[2026-09-28T21:33:08+00:00] epoch=7 step=4800/9372 loss=0.8222 grad_norm=0.577 lr=1.66e-04
[2026-09-28T21:33:40+00:00] epoch=7 step=4850/9372 loss=0.8270 grad_norm=0.544 lr=1.64e-04
[2026-09-28T21:34:12+00:00] epoch=7 step=4900/9372 loss=0.8028 grad_norm=0.558 lr=1.62e-04
[2026-09-28T21:34:45+00:00] epoch=7 step=4950/9372 loss=0.8062 grad_norm=0.551 lr=1.59e-04
[2026-09-28T21:35:17+00:00] epoch=7 step=5000/9372 loss=0.8059 grad_norm=0.542 lr=1.57e-04
[2026-09-28T21:35:49+00:00] epoch=7 step=5050/9372 loss=0.8280 grad_norm=0.548 lr=1.55e-04
[2026-09-28T21:36:21+00:00] epoch=7 step=5100/9372 loss=0.8130 grad_norm=0.572 lr=1.52e-04
[2026-09-28T21:36:54+00:00] epoch=7 step=5150/9372 loss=0.8092 grad_norm=0.566 lr=1.50e-04
[2026-09-28T21:37:31+00:00] epoch=7 step=5200/9372 loss=0.7902 grad_norm=0.537 lr=1.48e-04
[2026-09-28T21:38:09+00:00] epoch=7 step=5250/9372 loss=0.8233 grad_norm=0.575 lr=1.45e-04
[2026-09-28T21:38:41+00:00] epoch=7 step=5300/9372 loss=0.7993 grad_norm=0.552 lr=1.43e-04
[2026-09-28T21:39:14+00:00] epoch=7 step=5350/9372 loss=0.7968 grad_norm=0.532 lr=1.41e-04
[2026-09-28T21:39:46+00:00] epoch=7 step=5400/9372 loss=0.8017 grad_norm=0.553 lr=1.38e-04
[2026-09-28T21:40:18+00:00] epoch=7 step=5450/9372 loss=0.8342 grad_norm=0.563 lr=1.36e-04
[2026-09-28T21:40:44+00:00] EPOCH 7 train_ce=0.8138 val_ce=0.7812 val_ppl=2.184 val_bpc=1.1270 val_top1=0.7523 secs=530.5 tokens_per_sec=24,120
[2026-09-28T21:41:06+00:00] epoch=8 step=5500/9372 loss=0.8113 grad_norm=0.549 lr=1.34e-04
[2026-09-28T21:41:39+00:00] epoch=8 step=5550/9372 loss=0.8173 grad_norm=0.551 lr=1.32e-04
[2026-09-28T21:42:12+00:00] epoch=8 step=5600/9372 loss=0.7996 grad_norm=0.554 lr=1.29e-04
[2026-09-28T21:42:44+00:00] epoch=8 step=5650/9372 loss=0.7952 grad_norm=0.552 lr=1.27e-04
[2026-09-28T21:43:16+00:00] epoch=8 step=5700/9372 loss=0.7911 grad_norm=0.544 lr=1.25e-04
[2026-09-28T21:43:49+00:00] epoch=8 step=5750/9372 loss=0.8075 grad_norm=0.555 lr=1.23e-04
[2026-09-28T21:44:21+00:00] epoch=8 step=5800/9372 loss=0.8017 grad_norm=0.578 lr=1.20e-04
[2026-09-28T21:44:53+00:00] epoch=8 step=5850/9372 loss=0.7919 grad_norm=0.549 lr=1.18e-04
[2026-09-28T21:45:25+00:00] epoch=8 step=5900/9372 loss=0.7864 grad_norm=0.547 lr=1.16e-04
[2026-09-28T21:45:57+00:00] epoch=8 step=5950/9372 loss=0.8198 grad_norm=0.565 lr=1.14e-04
[2026-09-28T21:46:29+00:00] epoch=8 step=6000/9372 loss=0.7744 grad_norm=0.551 lr=1.12e-04
[2026-09-28T21:47:02+00:00] epoch=8 step=6050/9372 loss=0.7928 grad_norm=0.563 lr=1.10e-04
[2026-09-28T21:47:34+00:00] epoch=8 step=6100/9372 loss=0.8052 grad_norm=0.569 lr=1.07e-04
[2026-09-28T21:48:06+00:00] epoch=8 step=6150/9372 loss=0.7896 grad_norm=0.572 lr=1.05e-04
[2026-09-28T21:48:39+00:00] epoch=8 step=6200/9372 loss=0.7788 grad_norm=0.539 lr=1.03e-04
[2026-09-28T21:49:25+00:00] EPOCH 8 train_ce=0.7957 val_ce=0.7691 val_ppl=2.158 val_bpc=1.1095 val_top1=0.7563 secs=520.5 tokens_per_sec=24,582
[2026-09-28T21:49:27+00:00] epoch=9 step=6250/9372 loss=0.8154 grad_norm=0.546 lr=1.01e-04
[2026-09-28T21:49:59+00:00] epoch=9 step=6300/9372 loss=0.7843 grad_norm=0.545 lr=9.92e-05
[2026-09-28T21:50:32+00:00] epoch=9 step=6350/9372 loss=0.7674 grad_norm=0.564 lr=9.72e-05
[2026-09-28T21:51:04+00:00] epoch=9 step=6400/9372 loss=0.7811 grad_norm=0.545 lr=9.52e-05
[2026-09-28T21:51:36+00:00] epoch=9 step=6450/9372 loss=0.8150 grad_norm=0.572 lr=9.32e-05
[2026-09-28T21:52:09+00:00] epoch=9 step=6500/9372 loss=0.7875 grad_norm=0.558 lr=9.12e-05
[2026-09-28T21:52:42+00:00] epoch=9 step=6550/9372 loss=0.7812 grad_norm=0.564 lr=8.93e-05
[2026-09-28T21:53:14+00:00] epoch=9 step=6600/9372 loss=0.7822 grad_norm=0.542 lr=8.73e-05
[2026-09-28T21:53:47+00:00] epoch=9 step=6650/9372 loss=0.7944 grad_norm=0.563 lr=8.54e-05
[2026-09-28T21:54:20+00:00] epoch=9 step=6700/9372 loss=0.7523 grad_norm=0.554 lr=8.36e-05
[2026-09-28T21:54:52+00:00] epoch=9 step=6750/9372 loss=0.7799 grad_norm=0.563 lr=8.17e-05
[2026-09-28T21:55:24+00:00] epoch=9 step=6800/9372 loss=0.7660 grad_norm=0.566 lr=7.99e-05
[2026-09-28T21:55:57+00:00] epoch=9 step=6850/9372 loss=0.7718 grad_norm=0.544 lr=7.81e-05
[2026-09-28T21:56:29+00:00] epoch=9 step=6900/9372 loss=0.7655 grad_norm=0.538 lr=7.63e-05
[2026-09-28T21:57:01+00:00] epoch=9 step=6950/9372 loss=0.7579 grad_norm=0.550 lr=7.46e-05
[2026-09-28T21:57:34+00:00] epoch=9 step=7000/9372 loss=0.7886 grad_norm=0.559 lr=7.29e-05
[2026-09-28T21:58:08+00:00] EPOCH 9 train_ce=0.7810 val_ce=0.7595 val_ppl=2.137 val_bpc=1.0957 val_top1=0.7592 secs=523.5 tokens_per_sec=24,444
[2026-09-28T21:58:23+00:00] epoch=10 step=7050/9372 loss=0.7775 grad_norm=0.566 lr=7.12e-05
[2026-09-28T21:58:55+00:00] epoch=10 step=7100/9372 loss=0.7589 grad_norm=0.557 lr=6.95e-05
[2026-09-28T21:59:28+00:00] epoch=10 step=7150/9372 loss=0.7982 grad_norm=0.578 lr=6.79e-05
[2026-09-28T22:00:01+00:00] epoch=10 step=7200/9372 loss=0.7640 grad_norm=0.563 lr=6.63e-05
[2026-09-28T22:00:33+00:00] epoch=10 step=7250/9372 loss=0.7861 grad_norm=0.585 lr=6.47e-05
[2026-09-28T22:01:06+00:00] epoch=10 step=7300/9372 loss=0.7734 grad_norm=0.561 lr=6.32e-05
[2026-09-28T22:01:38+00:00] epoch=10 step=7350/9372 loss=0.7741 grad_norm=0.588 lr=6.16e-05
[2026-09-28T22:02:10+00:00] epoch=10 step=7400/9372 loss=0.7616 grad_norm=0.568 lr=6.02e-05
[2026-09-28T22:02:42+00:00] epoch=10 step=7450/9372 loss=0.7802 grad_norm=0.570 lr=5.87e-05
[2026-09-28T22:03:15+00:00] epoch=10 step=7500/9372 loss=0.7509 grad_norm=0.558 lr=5.73e-05
[2026-09-28T22:03:47+00:00] epoch=10 step=7550/9372 loss=0.7485 grad_norm=0.550 lr=5.59e-05
[2026-09-28T22:04:19+00:00] epoch=10 step=7600/9372 loss=0.7478 grad_norm=0.565 lr=5.45e-05
[2026-09-28T22:04:52+00:00] epoch=10 step=7650/9372 loss=0.7785 grad_norm=0.575 lr=5.32e-05
[2026-09-28T22:05:24+00:00] epoch=10 step=7700/9372 loss=0.7210 grad_norm=0.539 lr=5.19e-05
[2026-09-28T22:05:56+00:00] epoch=10 step=7750/9372 loss=0.7727 grad_norm=0.586 lr=5.07e-05
[2026-09-28T22:06:29+00:00] epoch=10 step=7800/9372 loss=0.7881 grad_norm=0.590 lr=4.94e-05
[2026-09-28T22:06:52+00:00] EPOCH 10 train_ce=0.7695 val_ce=0.7517 val_ppl=2.121 val_bpc=1.0845 val_top1=0.7614 secs=523.6 tokens_per_sec=24,438
[2026-09-28T22:07:19+00:00] epoch=11 step=7850/9372 loss=0.7668 grad_norm=0.573 lr=4.82e-05
[2026-09-28T22:07:52+00:00] epoch=11 step=7900/9372 loss=0.7817 grad_norm=0.600 lr=4.71e-05
[2026-09-28T22:08:24+00:00] epoch=11 step=7950/9372 loss=0.7033 grad_norm=0.539 lr=4.60e-05
[2026-09-28T22:08:56+00:00] epoch=11 step=8000/9372 loss=0.7829 grad_norm=0.594 lr=4.49e-05
[2026-09-28T22:09:31+00:00] epoch=11 step=8050/9372 loss=0.7807 grad_norm=0.590 lr=4.38e-05
[2026-09-28T22:10:04+00:00] epoch=11 step=8100/9372 loss=0.7518 grad_norm=0.553 lr=4.28e-05
[2026-09-28T22:10:43+00:00] epoch=11 step=8150/9372 loss=0.7535 grad_norm=0.572 lr=4.19e-05
[2026-09-28T22:11:15+00:00] epoch=11 step=8200/9372 loss=0.7853 grad_norm=0.597 lr=4.09e-05
[2026-09-28T22:11:48+00:00] epoch=11 step=8250/9372 loss=0.7443 grad_norm=0.577 lr=4.00e-05
[2026-09-28T22:12:21+00:00] epoch=11 step=8300/9372 loss=0.7815 grad_norm=0.577 lr=3.92e-05
[2026-09-28T22:12:54+00:00] epoch=11 step=8350/9372 loss=0.7479 grad_norm=0.583 lr=3.83e-05
[2026-09-28T22:13:26+00:00] epoch=11 step=8400/9372 loss=0.7468 grad_norm=0.564 lr=3.75e-05
[2026-09-28T22:13:59+00:00] epoch=11 step=8450/9372 loss=0.7439 grad_norm=0.567 lr=3.68e-05
[2026-09-28T22:14:31+00:00] epoch=11 step=8500/9372 loss=0.7437 grad_norm=0.566 lr=3.61e-05
[2026-09-28T22:15:04+00:00] epoch=11 step=8550/9372 loss=0.7554 grad_norm=0.579 lr=3.54e-05
[2026-09-28T22:15:46+00:00] EPOCH 11 train_ce=0.7612 val_ce=0.7473 val_ppl=2.111 val_bpc=1.0781 val_top1=0.7630 secs=534.4 tokens_per_sec=23,943
[2026-09-28T22:15:53+00:00] epoch=12 step=8600/9372 loss=0.7748 grad_norm=0.594 lr=3.48e-05
[2026-09-28T22:16:26+00:00] epoch=12 step=8650/9372 loss=0.7280 grad_norm=0.570 lr=3.42e-05
[2026-09-28T22:16:58+00:00] epoch=12 step=8700/9372 loss=0.7377 grad_norm=0.583 lr=3.36e-05
[2026-09-28T22:17:32+00:00] epoch=12 step=8750/9372 loss=0.7517 grad_norm=0.577 lr=3.31e-05
[2026-09-28T22:18:04+00:00] epoch=12 step=8800/9372 loss=0.7807 grad_norm=0.606 lr=3.26e-05
[2026-09-28T22:18:37+00:00] epoch=12 step=8850/9372 loss=0.7522 grad_norm=0.592 lr=3.22e-05
[2026-09-28T22:19:10+00:00] epoch=12 step=8900/9372 loss=0.7624 grad_norm=0.595 lr=3.18e-05
[2026-09-28T22:19:42+00:00] epoch=12 step=8950/9372 loss=0.7627 grad_norm=0.596 lr=3.14e-05
[2026-09-28T22:20:15+00:00] epoch=12 step=9000/9372 loss=0.7258 grad_norm=0.573 lr=3.11e-05
[2026-09-28T22:20:47+00:00] epoch=12 step=9050/9372 loss=0.7679 grad_norm=0.579 lr=3.08e-05
[2026-09-28T22:21:19+00:00] epoch=12 step=9100/9372 loss=0.7406 grad_norm=0.588 lr=3.06e-05
[2026-09-28T22:21:52+00:00] epoch=12 step=9150/9372 loss=0.7673 grad_norm=0.598 lr=3.04e-05
[2026-09-28T22:22:24+00:00] epoch=12 step=9200/9372 loss=0.7784 grad_norm=0.599 lr=3.02e-05
[2026-09-28T22:22:57+00:00] epoch=12 step=9250/9372 loss=0.7769 grad_norm=0.598 lr=3.01e-05
[2026-09-28T22:23:29+00:00] epoch=12 step=9300/9372 loss=0.7775 grad_norm=0.612 lr=3.00e-05
[2026-09-28T22:24:02+00:00] epoch=12 step=9350/9372 loss=0.7441 grad_norm=0.585 lr=3.00e-05
[2026-09-28T22:24:32+00:00] EPOCH 12 train_ce=0.7558 val_ce=0.7441 val_ppl=2.105 val_bpc=1.0735 val_top1=0.7639 secs=525.5 tokens_per_sec=24,351
[2026-09-28T22:24:32+00:00] checkpoint=task1_llm/shriram_dundigalla/checkpoints/gpt_char_tinystories_v1_20260928T204206Z.pt
[2026-09-28T22:25:09+00:00] train_ce=0.7110 val_ce=0.7441 gap=0.0331 tokens_per_sec=24,990 peak_mem_mb=80.0 total_secs=6144.5
